2026-06-22 12:17:06,317 - root - INFO - Supervisor pinned to CPU 0
2026-06-22 12:17:06,318 - AAT_Main - INFO - 🌌 Launching Autonomous AutoTrader: Phoenix Ascendant
2026-06-22 12:17:06,319 - AAT_BrainRegistry - INFO - Brain registered: MarketData_1
2026-06-22 12:17:06,319 - AAT_BrainRegistry - INFO - Brain registered: MarketData_2
2026-06-22 12:17:06,319 - AAT_BrainRegistry - INFO - Brain registered: Indicator_1
2026-06-22 12:17:06,319 - AAT_BrainRegistry - INFO - Brain registered: Indicator_2
2026-06-22 12:17:06,319 - AAT_BrainRegistry - INFO - Brain registered: Indicator_3
2026-06-22 12:17:06,319 - AAT_BrainRegistry - INFO - Brain registered: Trend_1
2026-06-22 12:17:06,319 - AAT_BrainRegistry - INFO - Brain registered: Trend_2
2026-06-22 12:17:06,320 - AAT_BrainRegistry - INFO - Brain registered: Liquidity_1
2026-06-22 12:17:06,320 - AAT_BrainRegistry - INFO - Brain registered: Liquidity_2
2026-06-22 12:17:06,320 - AAT_BrainRegistry - INFO - Brain registered: Regime_1
2026-06-22 12:17:06,320 - AAT_BrainRegistry - INFO - Brain registered: Meta_1
2026-06-22 12:17:06,320 - AAT_BrainRegistry - INFO - Brain registered: Contrarian_1
2026-06-22 12:17:06,320 - AAT_BrainRegistry - INFO - Brain registered: NewsRisk_1
2026-06-22 12:17:06,320 - AAT_BrainRegistry - INFO - Brain registered: Risk_1
2026-06-22 12:17:06,320 - AAT_BrainRegistry - INFO - Brain registered: Risk_2
2026-06-22 12:17:06,320 - AAT_BrainRegistry - INFO - Brain registered: Execution_1
2026-06-22 12:17:06,320 - AAT_BrainRegistry - INFO - Brain registered: Execution_2
2026-06-22 12:17:06,320 - AAT_BrainRegistry - INFO - Brain registered: Memory_1
2026-06-22 12:17:06,320 - AAT_BrainRegistry - INFO - Brain registered: Monitoring_1
2026-06-22 12:17:06,320 - AAT_BrainRegistry - INFO - Brain registered: Anomaly_1
2026-06-22 12:17:06,320 - AAT_BrainRegistry - INFO - Brain registered: Portfolio_1
2026-06-22 12:17:06,321 - AAT_BrainRegistry - INFO - Starting brain process: MarketData_1
2026-06-22 12:17:06,352 - AAT_BrainRegistry - INFO - Starting brain process: MarketData_2
2026-06-22 12:17:06,355 - AAT_BrainRegistry - INFO - Starting brain process: Indicator_1
2026-06-22 12:17:06,368 - AAT_BrainRegistry - INFO - Starting brain process: Indicator_2
2026-06-22 12:17:06,373 - AAT_BaseBrain - INFO - Brain MarketData_1 pinned to cores: [2]
2026-06-22 12:17:06,373 - AAT_BaseBrain - INFO - Brain MarketData_1 online (PID 61057)
2026-06-22 12:17:06,376 - AAT_BrainRegistry - INFO - Starting brain process: Indicator_3
2026-06-22 12:17:06,378 - AAT_BaseBrain - INFO - Brain MarketData_2 pinned to cores: [3]
2026-06-22 12:17:06,378 - AAT_BaseBrain - INFO - Brain MarketData_2 online (PID 61058)
2026-06-22 12:17:06,379 - AAT_BaseBrain - WARNING - Affinity fail for Indicator_1: invalid CPU 4; choose between [0, 1, 2, 3]
2026-06-22 12:17:06,380 - AAT_BaseBrain - INFO - Brain Indicator_1 online (PID 61059)
2026-06-22 12:17:06,388 - AAT_BrainRegistry - INFO - Starting brain process: Trend_1
2026-06-22 12:17:06,396 - AAT_BrainRegistry - INFO - Starting brain process: Trend_2
2026-06-22 12:17:06,402 - AAT_BaseBrain - WARNING - Affinity fail for Indicator_2: invalid CPU 5; choose between [0, 1, 2, 3]
2026-06-22 12:17:06,402 - AAT_BaseBrain - INFO - Brain Indicator_2 online (PID 61060)
2026-06-22 12:17:06,408 - AAT_BrainRegistry - INFO - Starting brain process: Liquidity_1
2026-06-22 12:17:06,412 - AAT_BaseBrain - WARNING - Affinity fail for Indicator_3: invalid CPU 6; choose between [0, 1, 2, 3]
2026-06-22 12:17:06,412 - AAT_BaseBrain - INFO - Brain Indicator_3 online (PID 61061)
2026-06-22 12:17:06,431 - AAT_BrainRegistry - INFO - Starting brain process: Liquidity_2
2026-06-22 12:17:06,436 - AAT_BaseBrain - WARNING - Affinity fail for Trend_1: invalid CPU 7; choose between [0, 1, 2, 3]
2026-06-22 12:17:06,437 - AAT_BaseBrain - INFO - Brain Trend_1 online (PID 61063)
2026-06-22 12:17:06,452 - AAT_BrainRegistry - INFO - Starting brain process: Regime_1
2026-06-22 12:17:06,476 - AAT_BaseBrain - WARNING - Affinity fail for Trend_2: invalid CPU 8; choose between [0, 1, 2, 3]
2026-06-22 12:17:06,476 - AAT_BaseBrain - INFO - Brain Trend_2 online (PID 61064)
2026-06-22 12:17:06,477 - AAT_BrainRegistry - INFO - Starting brain process: Meta_1
2026-06-22 12:17:06,480 - AAT_BaseBrain - WARNING - Affinity fail for Liquidity_1: invalid CPU 9; choose between [0, 1, 2, 3]
2026-06-22 12:17:06,481 - AAT_BaseBrain - INFO - Brain Liquidity_1 online (PID 61066)
2026-06-22 12:17:06,494 - AAT_BrainRegistry - INFO - Starting brain process: Contrarian_1
2026-06-22 12:17:06,500 - AAT_BaseBrain - WARNING - Affinity fail for Liquidity_2: invalid CPU 10; choose between [0, 1, 2, 3]
2026-06-22 12:17:06,500 - AAT_BaseBrain - INFO - Brain Liquidity_2 online (PID 61068)
2026-06-22 12:17:06,533 - AAT_BrainRegistry - INFO - Starting brain process: NewsRisk_1
2026-06-22 12:17:06,536 - AAT_BaseBrain - WARNING - Affinity fail for Regime_1: invalid CPU 11; choose between [0, 1, 2, 3]
2026-06-22 12:17:06,536 - AAT_BaseBrain - INFO - Brain Regime_1 online (PID 61070)
2026-06-22 12:17:06,577 - AAT_BrainRegistry - INFO - Starting brain process: Risk_1
2026-06-22 12:17:06,584 - AAT_BaseBrain - WARNING - Affinity fail for Meta_1: invalid CPU 11; choose between [0, 1, 2, 3]
2026-06-22 12:17:06,584 - AAT_BaseBrain - INFO - Brain Meta_1 online (PID 61073)
2026-06-22 12:17:06,601 - AAT_BaseBrain - WARNING - Affinity fail for Contrarian_1: invalid CPU 12; choose between [0, 1, 2, 3]
2026-06-22 12:17:06,601 - AAT_BaseBrain - INFO - Brain Contrarian_1 online (PID 61075)
2026-06-22 12:17:06,638 - AAT_BaseBrain - WARNING - Affinity fail for NewsRisk_1: invalid CPU 13; choose between [0, 1, 2, 3]
2026-06-22 12:17:06,638 - AAT_BaseBrain - INFO - Brain NewsRisk_1 online (PID 61077)
2026-06-22 12:17:06,618 - AAT_BrainRegistry - INFO - Starting brain process: Risk_2
2026-06-22 12:17:06,670 - AAT_BaseBrain - WARNING - Affinity fail for Risk_1: invalid CPU 14; choose between [0, 1, 2, 3]
2026-06-22 12:17:06,671 - AAT_BaseBrain - INFO - Brain Risk_1 online (PID 61078)
2026-06-22 12:17:06,687 - AAT_BrainRegistry - INFO - Starting brain process: Execution_1
2026-06-22 12:17:06,728 - AAT_BrainRegistry - INFO - Starting brain process: Execution_2
2026-06-22 12:17:06,740 - AAT_BaseBrain - WARNING - Affinity fail for Risk_2: invalid CPU 15; choose between [0, 1, 2, 3]
2026-06-22 12:17:06,740 - AAT_BaseBrain - INFO - Brain Risk_2 online (PID 61080)
2026-06-22 12:17:06,756 - AAT_BrainRegistry - INFO - Starting brain process: Memory_1
2026-06-22 12:17:06,764 - AAT_BaseBrain - WARNING - Affinity fail for Execution_1: invalid CPU 16; choose between [0, 1, 2, 3]
2026-06-22 12:17:06,764 - AAT_BaseBrain - INFO - Brain Execution_1 online (PID 61082)
2026-06-22 12:17:06,773 - AAT_BrainRegistry - INFO - Starting brain process: Monitoring_1
2026-06-22 12:17:06,794 - AAT_BaseBrain - WARNING - Affinity fail for Execution_2: invalid CPU 17; choose between [0, 1, 2, 3]
2026-06-22 12:17:06,794 - AAT_BaseBrain - INFO - Brain Execution_2 online (PID 61084)
2026-06-22 12:17:06,797 - AAT_BrainRegistry - INFO - Starting brain process: Anomaly_1
2026-06-22 12:17:06,817 - AAT_BaseBrain - WARNING - Affinity fail for Memory_1: invalid CPU 18; choose between [0, 1, 2, 3]
2026-06-22 12:17:06,817 - AAT_BaseBrain - INFO - Brain Memory_1 online (PID 61085)
2026-06-22 12:17:06,820 - AAT_BrainRegistry - INFO - Starting brain process: Portfolio_1
2026-06-22 12:17:06,845 - AAT_BaseBrain - WARNING - Affinity fail for Monitoring_1: invalid CPU 19; choose between [0, 1, 2, 3]
2026-06-22 12:17:06,845 - AAT_BaseBrain - INFO - Brain Monitoring_1 online (PID 61086)
2026-06-22 12:17:06,876 - AAT_BaseBrain - WARNING - Affinity fail for Anomaly_1: invalid CPU 19; choose between [0, 1, 2, 3]
2026-06-22 12:17:06,876 - AAT_BaseBrain - INFO - Brain Anomaly_1 online (PID 61088)
2026-06-22 12:17:06,880 - AAT_BaseBrain - WARNING - Affinity fail for Portfolio_1: invalid CPU 19; choose between [0, 1, 2, 3]
2026-06-22 12:17:06,880 - AAT_BaseBrain - INFO - Brain Portfolio_1 online (PID 61089)
2026-06-22 12:17:12,001 - AAT_Bridge - INFO - Ultra-Parallel Bridge active at 127.0.0.1:5555
